runtime: llmc-cpp-w4-cpu-dequant-rknpu2-fp16-matmul
mode: llmc
tensor: model.proj_out.weight
shape_mkn: 1,1280,51904
core_mask: all
npu_configured_cores: 3
runs: 100
weight_dequantizations: 1
weight_dequant_ms: 312.808
weight_uploads: 1
weight_upload_ms: 0.000
input_copy_ms: 0.116
npu_run_ms: 1199.621
avg_npu_run_ms: 11.996
output_copy_ms: 0.991
output_max_abs: 1.08984375
output_checksum: -567275.800721168518
cpu_reference_cosine: 0.999999978
cpu_reference_max_abs_error: 0.000485539
dynamic_fp16_rebind_cosine: 0.999999982
npu_core0_load_pct_max: 5
npu_core0_load_pct_after_run: 4
npu_core1_load_pct_max: 0
npu_core1_load_pct_after_run: 0
npu_core2_load_pct_max: 0
npu_core2_load_pct_after_run: 0
npu_observed_active_cores_after_run: 1
