runtime: llmc-cpp-w4-cpu-dequant-rknpu2-fp16-matmul
mode: llmc
tensor: model.proj_out.weight
shape_mkn: 1,1280,51904
core_mask: parallel3
npu_scheduler: n-shard-parallel3
npu_configured_cores: 3
runs: 50
npu_shards_per_run: 3
npu_jobs: 150
weight_dequantizations: 3
weight_dequant_ms: 199.087
weight_uploads: 3
weight_upload_ms: 306.689
input_copy_ms: 0.105
npu_run_ms: 267.548
avg_npu_run_ms: 5.351
output_copy_ms: 0.462
output_max_abs: 1.08984375
output_checksum: -567275.800721168518
cpu_reference_cosine: 0.999999978
cpu_reference_max_abs_error: 0.000485539
dynamic_fp16_rebind_cosine: 0.999999987
npu_core0_load_pct_max: 25
npu_core0_load_pct_after_run: 25
npu_core1_load_pct_max: 25
npu_core1_load_pct_after_run: 25
npu_core2_load_pct_max: 25
npu_core2_load_pct_after_run: 25
npu_observed_active_cores_after_run: 3
