runtime: llmc-cpp-w4-cpu-dequant-rknpu2-fp16-matmul
mode: llmc
tensor: model.proj_out.weight
shape_mkn: 1,1280,51904
core_mask: parallel3
npu_scheduler: n-shard-parallel3
npu_configured_cores: 3
runs: 1000
npu_shards_per_run: 3
npu_jobs: 3000
weight_dequantizations: 3
weight_dequant_ms: 149.732
weight_uploads: 3
weight_upload_ms: 85.433
input_copy_ms: 2.502
npu_run_ms: 4730.078
avg_npu_run_ms: 4.730
output_copy_ms: 35.670
output_max_abs: 1.08984375
output_checksum: -567275.800721168518
cpu_reference_cosine: 0.999999978
cpu_reference_max_abs_error: 0.000485539
dynamic_fp16_rebind_cosine: 0.999999977
npu_core0_load_pct_max: 90
npu_core0_load_pct_after_run: 83
npu_core1_load_pct_max: 90
npu_core1_load_pct_after_run: 83
npu_core2_load_pct_max: 90
npu_core2_load_pct_after_run: 83
npu_observed_active_cores_after_run: 3
