load_backend: loaded CPU backend from /root/whisper-rk3588/whisper.cpp/build/bin/libggml-cpu.so
load_backend: loaded ROCKET backend from /root/whisper-rk3588/ggml-rocket/build-dl-whisper-source/libggml-rocket.so
whisper_init_from_file_with_params_no_state: loading model from 'whisper.cpp/models/ggml-large-v3-turbo-q8_0.bin'
whisper_init_with_params_no_state: use gpu    = 1
whisper_init_with_params_no_state: flash attn = 1
whisper_init_with_params_no_state: gpu_device = 0
whisper_init_with_params_no_state: dtw        = 0
whisper_init_with_params_no_state: devices    = 2
whisper_init_with_params_no_state: backends   = 2
whisper_model_load: loading model
whisper_model_load: n_vocab       = 51866
whisper_model_load: n_audio_ctx   = 1500
whisper_model_load: n_audio_state = 1280
whisper_model_load: n_audio_head  = 20
whisper_model_load: n_audio_layer = 32
whisper_model_load: n_text_ctx    = 448
whisper_model_load: n_text_state  = 1280
whisper_model_load: n_text_head   = 20
whisper_model_load: n_text_layer  = 4
whisper_model_load: n_mels        = 128
whisper_model_load: ftype         = 7
whisper_model_load: qntvr         = 2
whisper_model_load: type          = 5 (large v3)
whisper_model_load: adding 1609 extra tokens
whisper_model_load: n_langs       = 100
whisper_model_load:          CPU total size =   873.55 MB
whisper_model_load: model size    =  873.55 MB
whisper_backend_init_gpu: device 0: CPU (type: 0)
whisper_backend_init_gpu: device 1: ROCKET (type: 3)
whisper_backend_init_gpu: no GPU found
whisper_backend_init: using ROCKET backend
whisper_init_state: kv self size  =   10.49 MB
whisper_init_state: kv cross size =   31.46 MB
whisper_init_state: kv pad  size  =    7.86 MB
whisper_init_state: compute buffer (conv)   =   36.15 MB
whisper_init_state: compute buffer (encode) =   55.35 MB
whisper_init_state: compute buffer (cross)  =    9.27 MB
whisper_init_state: compute buffer (decode) =   99.12 MB
read_audio_data: reading audio data from 'std30.wav' ...
read_audio_data: trying to decode with miniaudio

system_info: n_threads = 4 / 8 | WHISPER : COREML = 0 | OPENVINO = 0 | CPU : NEON = 1 | ARM_FMA = 1 | FP16_VA = 1 | DOTPROD = 1 | OPENMP = 1 | 

main: processing 'std30.wav' (436320 samples, 27.3 sec), 4 threads, 1 processors, 5 beams + best of 5, lang = en, task = transcribe, timestamps = 0 ...

[rocket] quantized prefill is dequant-bound at this micro-batch; run with -b 2048 -ub 2048 for ~2x (the default -ub 512 ~halves it)

 Concord returned to its place amidst the tents. The English forwarded to the French baskets of flowers, of which they had made a plentiful provision to greet the arrival of the young princess. The French, in return, invited the English to a supper, which was to be given the next day. Congratulations were poured in upon the princess everywhere during her journey. "You will be frank with me? I always am."
whisper_print_timings:     load time =   494.79 ms
whisper_print_timings:     fallbacks =   0 p /   0 h
whisper_print_timings:      mel time =    33.04 ms
whisper_print_timings:   sample time =   327.52 ms /   435 runs (     0.75 ms per run)
whisper_print_timings:   encode time = 13317.59 ms /     1 runs ( 13317.59 ms per run)
whisper_print_timings:   decode time =     0.00 ms /     1 runs (     0.00 ms per run)
whisper_print_timings:   batchd time =  3483.03 ms /   434 runs (     8.03 ms per run)
whisper_print_timings:   prompt time =     0.00 ms /     1 runs (     0.00 ms per run)
whisper_print_timings:    total time = 17716.94 ms
ROCKET profile total(ms): pack=2803 (packA=453 packB=675) gen=46 sync=225 submit=58 wait=9736 read=613  over 1000 job-batches
ROCKET convert total(ms): pack_act=312 (200 calls, 568M elems) weight_dequant=864 (200 calls, 642M elems) unpack_out=178 (200 calls, 568M elems)
	Command being timed: "taskset -c 4-7 ./whisper.cpp/build/bin/whisper-cli -m whisper.cpp/models/ggml-large-v3-turbo-q8_0.bin -f std30.wav -t 4 -l en --no-timestamps"
	User time (seconds): 53.29
	System time (seconds): 2.16
	Percent of CPU this job got: 310%
	Elapsed (wall clock) time (h:mm:ss or m:ss): 0:17.87
	Average shared text size (kbytes): 0
	Average unshared data size (kbytes): 0
	Average stack size (kbytes): 0
	Average total size (kbytes): 0
	Maximum resident set size (kbytes): 1180028
	Average resident set size (kbytes): 0
	Major (requiring I/O) page faults: 0
	Minor (reclaiming a frame) page faults: 356451
	Voluntary context switches: 8774
	Involuntary context switches: 2654
	Swaps: 0
	File system inputs: 0
	File system outputs: 8
	Socket messages sent: 0
	Socket messages received: 0
	Signals delivered: 0
	Page size (bytes): 4096
	Exit status: 0
