arm_release_ver: g24p0-00eac0, rk_so_ver: 10
runtime: llmc-native-cpp-npu-encoder-opencl-w4-decoder-attention
quantization: npu-expanded-fp16-encoder-gpu-packed-w4-decoder
linear_backend: hybrid
attention_backend: gpu
gpu_device: Mali-G610 r0p0
gpu_compute_units: 4
mode: llmc
audio_seconds: 27.270
model_init_ms: 2263.907
preprocess_ms: 85.978
encoder_ms: 33043.678
decoder_steps: 90
decoder_total_ms: 7854.831
avg_decoder_step_ms: 87.276
inference_ms: 41126.937
generated_tokens: 87
w4_linear_runs: 3172
fp16_attention_matmul_runs: 0
attention_host_dispatches: 752
baseline_weight_uploads: 0
aot_linear_plans: 9
aot_prepared_weights: 243
aot_resident_weight_bytes: 1402378240
w4_linear_wall_ms: 13198.923
gpu_w4_kernel_ms: 6310.593
gpu_w4_transfer_ms: 6.378
attention_wall_ms: 23763.865
gpu_attention_qk_ms: 6287.703
gpu_attention_softmax_ms: 821.907
gpu_attention_pv_ms: 16149.896
gpu_attention_transfer_ms: 256.391
encoder_w4_linear_wall_ms: 6523.383
decoder_w4_linear_wall_ms: 6675.540
encoder_attention_wall_ms: 22618.857
decoder_attention_wall_ms: 1145.008
npu_scheduler: parallel3
npu_sharding: output-columns-N-aligned32
attention_scheduler: opencl-qk-softmax-pv-three-kernel
npu_worker_model: one-persistent-thread-per-core
npu_configured_cores: 3
npu_load_source: /sys/kernel/debug/rknpu/load
npu_load_sample_interval_ms: 10
npu_load_status: sampled
npu_encoder_load_samples: 3282
npu_encoder_core0_avg_load_pct: 13.25
npu_encoder_core0_max_load_pct: 14
npu_encoder_core1_avg_load_pct: 12.35
npu_encoder_core1_max_load_pct: 13
npu_encoder_core2_avg_load_pct: 12.35
npu_encoder_core2_max_load_pct: 13
npu_decoder_load_samples: 803
npu_decoder_core0_avg_load_pct: 1.97
npu_decoder_core0_max_load_pct: 16
npu_decoder_core1_avg_load_pct: 1.85
npu_decoder_core1_max_load_pct: 15
npu_decoder_core2_avg_load_pct: 1.85
npu_decoder_core2_max_load_pct: 15
npu_observed_active_cores: 3
gpu_load_source: /sys/devices/platform/fb000000.gpu/devfreq/fb000000.gpu/load
gpu_load_sample_interval_ms: 5
gpu_load_status: sampled
gpu_encoder_load_samples: 6511
gpu_encoder_avg_load_pct: 34.26
gpu_encoder_max_load_pct: 100
gpu_encoder_max_frequency_hz: 1000000000
gpu_decoder_load_samples: 1595
gpu_decoder_avg_load_pct: 50.03
gpu_decoder_max_load_pct: 100
gpu_decoder_max_frequency_hz: 1000000000
token_ids: 50258 50259 50360 50364 18200 765 8752 281 1080 1081 30153 372 264 39283 13 440 3669 2128 292 281 264 5522 42853 295 8085 11 295 597 436 632 1027 257 499 317 2069 17225 281 12044 264 18365 295 264 2037 14742 13 440 5522 11 294 2736 11 9185 264 3669 281 257 44185 11 597 390 281 312 2212 264 958 786 13 9694 645 23270 294 3564 264 14742 5315 1830 720 4671 13 509 486 312 10455 365 385 30 286 1009 669 13 50257
text:
Concord returned to its place amidst the tents. The English forwarded to the French baskets of flowers, of which they had made a plentiful provision to greet the arrival of the young princess. The French, in return, invited the English to a supper, which was to be given the next day. Congratulations were poured in upon the princess everywhere during her journey. You will be frank with me? I always am.
