arm_release_ver: g24p0-00eac0, rk_so_ver: 10
runtime: llmc-native-cpp-opencl-packed-w4-linear-rknpu2-attention
quantization: gpu-packed-w4-group32-fp16-activation
linear_backend: gpu
gpu_device: Mali-G610 r0p0
gpu_compute_units: 4
mode: llmc
audio_seconds: 27.270
model_init_ms: 552.543
preprocess_ms: 83.954
encoder_ms: 42967.351
decoder_steps: 90
decoder_total_ms: 7921.395
avg_decoder_step_ms: 88.016
inference_ms: 51118.072
generated_tokens: 87
w4_linear_runs: 3172
fp16_attention_matmul_runs: 30080
attention_host_dispatches: 752
baseline_weight_uploads: 0
aot_linear_plans: 9
aot_prepared_weights: 235
aot_resident_weight_bytes: 503654400
w4_linear_wall_ms: 32929.135
gpu_w4_kernel_ms: 31543.364
gpu_w4_transfer_ms: 185.871
attention_wall_ms: 14013.838
encoder_w4_linear_wall_ms: 27756.738
decoder_w4_linear_wall_ms: 5172.397
encoder_attention_wall_ms: 11300.676
decoder_attention_wall_ms: 2713.161
npu_scheduler: parallel3
npu_sharding: output-columns-N-aligned32
attention_scheduler: static-head-round-robin-Core0-Core1-Core2
npu_worker_model: one-persistent-thread-per-core
npu_configured_cores: 3
npu_load_source: /sys/kernel/debug/rknpu/load
npu_load_sample_interval_ms: 10
npu_load_status: sampled
npu_encoder_load_samples: 4269
npu_encoder_core0_avg_load_pct: 2.14
npu_encoder_core0_max_load_pct: 3
npu_encoder_core1_avg_load_pct: 2.14
npu_encoder_core1_max_load_pct: 3
npu_encoder_core2_avg_load_pct: 2.02
npu_encoder_core2_max_load_pct: 3
npu_decoder_load_samples: 808
npu_decoder_core0_avg_load_pct: 5.48
npu_decoder_core0_max_load_pct: 7
npu_decoder_core1_avg_load_pct: 5.36
npu_decoder_core1_max_load_pct: 7
npu_decoder_core2_avg_load_pct: 4.50
npu_decoder_core2_max_load_pct: 6
npu_observed_active_cores: 3
gpu_load_source: /sys/devices/platform/fb000000.gpu/devfreq/fb000000.gpu/load
gpu_load_sample_interval_ms: 5
gpu_load_status: sampled
gpu_encoder_load_samples: 8470
gpu_encoder_avg_load_pct: 31.81
gpu_encoder_max_load_pct: 100
gpu_encoder_max_frequency_hz: 1000000000
gpu_decoder_load_samples: 1603
gpu_decoder_avg_load_pct: 45.08
gpu_decoder_max_load_pct: 100
gpu_decoder_max_frequency_hz: 1000000000
token_ids: 50258 50259 50360 50364 18200 765 8752 281 1080 1081 30153 372 264 39283 13 440 3669 2128 292 281 264 5522 42853 295 8085 11 295 597 436 632 1027 257 499 317 2069 17225 281 12044 264 18365 295 264 2037 14742 13 440 5522 11 294 2736 11 9185 264 3669 281 257 44185 11 597 390 281 312 2212 264 958 786 13 9694 645 23270 294 3564 264 14742 5315 1830 720 4671 13 509 486 312 10455 365 385 30 286 1009 669 13 50257
text:
Concord returned to its place amidst the tents. The English forwarded to the French baskets of flowers, of which they had made a plentiful provision to greet the arrival of the young princess. The French, in return, invited the English to a supper, which was to be given the next day. Congratulations were poured in upon the princess everywhere during her journey. You will be frank with me? I always am.
