arm_release_ver: g24p0-00eac0, rk_so_ver: 10
runtime: llmc-native-cpp-npu-encoder-opencl-w4-decoder
quantization: npu-expanded-fp16-encoder-gpu-packed-w4-decoder
linear_backend: hybrid
gpu_device: Mali-G610 r0p0
gpu_compute_units: 4
mode: llmc
audio_seconds: 27.270
model_init_ms: 2169.688
preprocess_ms: 84.693
encoder_ms: 21745.518
decoder_steps: 90
decoder_total_ms: 7878.736
avg_decoder_step_ms: 87.542
inference_ms: 29853.375
generated_tokens: 87
w4_linear_runs: 3172
fp16_attention_matmul_runs: 30080
attention_host_dispatches: 752
baseline_weight_uploads: 0
aot_linear_plans: 9
aot_prepared_weights: 243
aot_resident_weight_bytes: 1402378240
w4_linear_wall_ms: 11684.574
gpu_w4_kernel_ms: 4780.443
gpu_w4_transfer_ms: 7.317
attention_wall_ms: 13969.414
encoder_w4_linear_wall_ms: 6531.254
decoder_w4_linear_wall_ms: 5153.321
encoder_attention_wall_ms: 11279.902
decoder_attention_wall_ms: 2689.513
npu_scheduler: parallel3
npu_sharding: output-columns-N-aligned32
attention_scheduler: static-head-round-robin-Core0-Core1-Core2
npu_worker_model: one-persistent-thread-per-core
npu_configured_cores: 3
npu_load_source: /sys/kernel/debug/rknpu/load
npu_load_sample_interval_ms: 10
npu_load_status: sampled
npu_encoder_load_samples: 2159
npu_encoder_core0_avg_load_pct: 24.48
npu_encoder_core0_max_load_pct: 32
npu_encoder_core1_avg_load_pct: 24.07
npu_encoder_core1_max_load_pct: 31
npu_encoder_core2_avg_load_pct: 23.46
npu_encoder_core2_max_load_pct: 31
npu_decoder_load_samples: 805
npu_decoder_core0_avg_load_pct: 8.82
npu_decoder_core0_max_load_pct: 24
npu_decoder_core1_avg_load_pct: 8.57
npu_decoder_core1_max_load_pct: 24
npu_decoder_core2_avg_load_pct: 7.82
npu_decoder_core2_max_load_pct: 23
npu_observed_active_cores: 3
gpu_load_source: /sys/devices/platform/fb000000.gpu/devfreq/fb000000.gpu/load
gpu_load_sample_interval_ms: 5
gpu_load_status: sampled
gpu_encoder_load_samples: 4283
gpu_encoder_avg_load_pct: 0.00
gpu_encoder_max_load_pct: 0
gpu_encoder_max_frequency_hz: 1000000000
gpu_decoder_load_samples: 1595
gpu_decoder_avg_load_pct: 44.94
gpu_decoder_max_load_pct: 100
gpu_decoder_max_frequency_hz: 1000000000
token_ids: 50258 50259 50360 50364 18200 765 8752 281 1080 1081 30153 372 264 39283 13 440 3669 2128 292 281 264 5522 42853 295 8085 11 295 597 436 632 1027 257 499 317 2069 17225 281 12044 264 18365 295 264 2037 14742 13 440 5522 11 294 2736 11 9185 264 3669 281 257 44185 11 597 390 281 312 2212 264 958 786 13 9694 645 23270 294 3564 264 14742 5315 1830 720 4671 13 509 486 312 10455 365 385 30 286 1009 669 13 50257
text:
Concord returned to its place amidst the tents. The English forwarded to the French baskets of flowers, of which they had made a plentiful provision to greet the arrival of the young princess. The French, in return, invited the English to a supper, which was to be given the next day. Congratulations were poured in upon the princess everywhere during her journey. You will be frank with me? I always am.
