benchmark_run: 3
runtime_sha256: 6524cf2b2196433aef7b42c891d0f4224986a22c9467882956619ec1d863d4e8
I rkllm: rkllm-runtime version: 1.3.0, rknpu driver version: 0.9.8, platform: RK3588
I rkllm: loading rkllm model from decoder-w8a8-3core.rkllm
I rkllm: rkllm-toolkit version: 1.3.0, max_context_limit: 2048, npu_core_num: 3, target_platform: RK3588, model_dtype: W8A8
I rkllm: Model has no tokenizer, but tokenizer_callback is provided, so it will be used for tokenization.
I rkllm: Enabled cpus: [4, 5, 6, 7]
I rkllm: Enabled cpus num: 4
implementation: rkllm-native-baseline
quantization: w8a8
rkllm_npu_cores: 3
rkllm_runtime_compatibility: skip-unused-no-rope-position-copy
audio_seconds: 27.270
generated_tokens: 128
unique_generated_tokens: 1
recognition_status: failed-degenerate-output
model_init_ms: 1474.28
preprocess_ms: 80.23
encoder_ms: 9119.16
decoder_ms: 2659.25
decoder_calls: 132
avg_decoder_call_ms: 20.15
end_to_end_ms: 12207.84
cross_cache_elements: 15360000
position_embedding: native-callback
decode_mode: get-logits-greedy
npu_load_source: /sys/kernel/debug/rknpu/load
npu_load_sample_interval_ms: 10
npu_load_status: sampled
npu_encoder_load_samples: 884
npu_encoder_core0_avg_load_pct: 87.43
npu_encoder_core0_max_load_pct: 99
npu_encoder_core1_avg_load_pct: 21.07
npu_encoder_core1_max_load_pct: 28
npu_encoder_core2_avg_load_pct: 21.07
npu_encoder_core2_max_load_pct: 28
npu_decoder_load_samples: 291
npu_decoder_core0_avg_load_pct: 40.40
npu_decoder_core0_max_load_pct: 99
npu_decoder_core1_avg_load_pct: 23.55
npu_decoder_core1_max_load_pct: 26
npu_decoder_core2_avg_load_pct: 23.55
npu_decoder_core2_max_load_pct: 26
npu_observed_active_cores: 3
text:
, , , , , , , , , , , , , , , , , , , , , , , , , , , , , , , , , , , , , , , , , , , , , , , , , , , , , , , , , , , , , , , , , , , , , , , , , , , , , , , , , , , , , , , , , , , , , , , , , , , , , , , , , , , , , , , , , , , , , , , , , , , , , , , ,
	Command being timed: "./whisper_rkllm_baseline /root/whisper-rknpu2/turbo-rknn2/encoder_with_kv.rknn decoder-w8a8-3core.rkllm runtime_aux.bin /root/whisper-rknpu2/turbo-rknn2/vocab.json /root/whisper-rknpu2/turbo-rknn2/std30.wav"
	User time (seconds): 10.03
	System time (seconds): 2.95
	Percent of CPU this job got: 78%
	Elapsed (wall clock) time (h:mm:ss or m:ss): 0:16.60
	Average shared text size (kbytes): 0
	Average unshared data size (kbytes): 0
	Average stack size (kbytes): 0
	Average total size (kbytes): 0
	Maximum resident set size (kbytes): 2151620
	Average resident set size (kbytes): 0
	Major (requiring I/O) page faults: 1
	Minor (reclaiming a frame) page faults: 135443
	Voluntary context switches: 12367
	Involuntary context switches: 119
	Swaps: 0
	File system inputs: 0
	File system outputs: 0
	Socket messages sent: 0
	Socket messages received: 0
	Signals delivered: 0
	Page size (bytes): 4096
	Exit status: 0
