[37mINFO: rkllm-toolkit version: 1.3.0[0m
[33mWARNING: The cpu device not support float16! switch to float32![0m
[37mINFO: Please check if the matched structure of the custom model is correct:[0m
[37mINFO: ######################################################################[0m
[37mINFO: TOKEN_EMBD -> model.embed_tokens[0m
[37mINFO: ATTN_NORM -> model.layers.{bid}.input_layernorm[0m
[37mINFO: ATTN_QKV -> model.layers.{bid}.self_attn.qkv_proj[0m
[37mINFO: ATTN_OUT -> model.layers.{bid}.self_attn.o_proj[0m
[37mINFO: CROSS_ATTN_NORM -> model.layers.{bid}.cross_layernorm[0m
[37mINFO: CROSS_ATTN_Q -> model.layers.{bid}.cross_attn.cross_q_proj[0m
[37mINFO: CROSS_ATTN_OUT -> model.layers.{bid}.cross_attn.cross_o_proj[0m
[37mINFO: FFN_NORM -> model.layers.{bid}.post_attention_layernorm[0m
[37mINFO: FFN_UP -> model.layers.{bid}.mlp.up_proj[0m
[37mINFO: FFN_DOWN -> model.layers.{bid}.mlp.down_proj[0m
[37mINFO: OUTPUT_NORM -> model.norm[0m
[37mINFO: OUTPUT -> lm_head[0m
[37mINFO: ######################################################################[0m

Building model:   0%|          | 0/58 [00:00<?, ?it/s]
Building model:  29%|██▉       | 17/58 [00:00<00:00, 130.51it/s]
Building model:  53%|█████▎    | 31/58 [00:00<00:00, 124.83it/s]
Building model:  76%|███████▌  | 44/58 [00:00<00:00, 118.14it/s]
Building model:  97%|█████████▋| 56/58 [00:00<00:00, 112.52it/s]
Building model: 100%|██████████| 58/58 [00:00<00:00, 65.90it/s]

Optimizing model:   0%|          | 0/4 [00:00<?, ?it/s]
Optimizing model:  25%|██▌       | 1/4 [00:51<02:35, 51.99s/it]
Optimizing model:  50%|█████     | 2/4 [01:45<01:45, 52.77s/it]
Optimizing model:  75%|███████▌  | 3/4 [02:38<00:52, 53.00s/it]
Optimizing model: 100%|██████████| 4/4 [03:30<00:00, 52.63s/it]
Optimizing model: 100%|██████████| 4/4 [03:30<00:00, 52.66s/it]
[37mINFO: Exporting model without full tokenizer vocabulary; writing special tokens only.[0m
[37mINFO: Setting bos to 50257[0m
[37mINFO: Setting eos to 50257[0m

Converting model:   0%|          | 0/63 [00:00<?, ?it/s]
Converting model: 100%|██████████| 63/63 [00:00<00:00, 1195661.32it/s]
[37mINFO: Setting max_context_limit to 2048[0m
INFO: Exporting the model, please wait ....

[>                                                 ] 1/81 (1%)
[>                                                 ] 2/81 (2%)
[=>                                                ] 3/81 (3%)
[=>                                                ] 4/81 (4%)
[==>                                               ] 5/81 (6%)
[===>                                              ] 6/81 (7%)
[===>                                              ] 7/81 (8%)
[====>                                             ] 8/81 (9%)
[====>                                             ] 9/81 (11%)
[=====>                                            ] 10/81 (12%)
[======>                                           ] 11/81 (13%)
[======>                                           ] 12/81 (14%)
[=======>                                          ] 13/81 (16%)
[========>                                         ] 14/81 (17%)
[========>                                         ] 15/81 (18%)
[=========>                                        ] 16/81 (19%)
[=========>                                        ] 17/81 (20%)
[==========>                                       ] 18/81 (22%)
[===========>                                      ] 19/81 (23%)
[===========>                                      ] 20/81 (24%)
[============>                                     ] 21/81 (25%)
[============>                                     ] 22/81 (27%)
[=============>                                    ] 23/81 (28%)
[==============>                                   ] 24/81 (29%)
[==============>                                   ] 25/81 (30%)
[===============>                                  ] 26/81 (32%)
[================>                                 ] 27/81 (33%)
[================>                                 ] 28/81 (34%)
[=================>                                ] 29/81 (35%)
[=================>                                ] 30/81 (37%)
[==================>                               ] 31/81 (38%)
[===================>                              ] 32/81 (39%)
[===================>                              ] 33/81 (40%)
[====================>                             ] 34/81 (41%)
[====================>                             ] 35/81 (43%)
[=====================>                            ] 36/81 (44%)
[======================>                           ] 37/81 (45%)
[======================>                           ] 38/81 (46%)
[=======================>                          ] 39/81 (48%)
[========================>                         ] 40/81 (49%)
[========================>                         ] 41/81 (50%)
[=========================>                        ] 42/81 (51%)
[=========================>                        ] 43/81 (53%)
[==========================>                       ] 44/81 (54%)
[===========================>                      ] 45/81 (55%)
[===========================>                      ] 46/81 (56%)
[============================>                     ] 47/81 (58%)
[=============================>                    ] 48/81 (59%)
[=============================>                    ] 49/81 (60%)
[==============================>                   ] 50/81 (61%)
[==============================>                   ] 51/81 (62%)
[===============================>                  ] 52/81 (64%)
[================================>                 ] 53/81 (65%)
[================================>                 ] 54/81 (66%)
[=================================>                ] 55/81 (67%)
[=================================>                ] 56/81 (69%)
[==================================>               ] 57/81 (70%)
[===================================>              ] 58/81 (71%)
[===================================>              ] 59/81 (72%)
[====================================>             ] 60/81 (74%)
[=====================================>            ] 61/81 (75%)
[=====================================>            ] 62/81 (76%)
[======================================>           ] 63/81 (77%)
[======================================>           ] 64/81 (79%)
[=======================================>          ] 65/81 (80%)
[========================================>         ] 66/81 (81%)
[========================================>         ] 67/81 (82%)
[=========================================>        ] 68/81 (83%)
[=========================================>        ] 69/81 (85%)
[==========================================>       ] 70/81 (86%)
[===========================================>      ] 71/81 (87%)
[===========================================>      ] 72/81 (88%)
[============================================>     ] 73/81 (90%)
[=============================================>    ] 74/81 (91%)
[=============================================>    ] 75/81 (92%)
[==============================================>   ] 76/81 (93%)
[==============================================>   ] 77/81 (95%)
[===============================================>  ] 78/81 (96%)
[================================================> ] 79/81 (97%)
[================================================> ] 80/81 (98%)
[=================================================>] 81/81 (100%)[37mINFO: Model saved to /tmp/whisper-large-v3-turbo-rk3588-3core-w8a8-ctx2048-level1.rkllm![0m
/tmp/whisper-large-v3-turbo-rk3588-3core-w8a8-ctx2048-level1.rkllm
