audio_seconds: 27.27
generated_tokens: 77
model_init_ms: 2163.74
preprocess_ms: 80.99
encoder_ms: 8709.83
decoder_steps: 80
avg_decoder_step_ms: 111.34
inference_ms: 17900.97
zero_copy_decoder: true
runtime: native-cpp
core_mask: all
text:
concord returned to its place amidst the tents the english forwarded to the french baskets of flowers of which they had made a plentiful provision to greet the arrival of the young princess the french in return invited the english to a supper which was to be given the next day congratulations were poured in upon the princess everywhere during her journey you will be frank with me i always am
	Command being timed: "taskset -c 4-7 native-build/whisper_rknpu2_llmc encoder_with_kv.rknn decoder_static_kv.rknn vocab.json std30.wav --core-mask all"
	User time (seconds): 0.64
	System time (seconds): 3.40
	Percent of CPU this job got: 19%
	Elapsed (wall clock) time (h:mm:ss or m:ss): 0:21.10
	Average shared text size (kbytes): 0
	Average unshared data size (kbytes): 0
	Average stack size (kbytes): 0
	Average total size (kbytes): 0
	Maximum resident set size (kbytes): 2114376
	Average resident set size (kbytes): 0
	Major (requiring I/O) page faults: 0
	Minor (reclaiming a frame) page faults: 4016
	Voluntary context switches: 6957
	Involuntary context switches: 22
	Swaps: 0
	File system inputs: 0
	File system outputs: 0
	Socket messages sent: 0
	Socket messages received: 0
	Signals delivered: 0
	Page size (bytes): 4096
	Exit status: 0
